
   FAIL  Tests\Feature\CreditValidationTest
  Γ£ô inactive credit customer cannot create credit transaction                                        1.25s  
  Γ£ô active credit customer can create credit transaction                                             0.07s  
  Γ£ô credit balance sync on new transaction                                                           0.36s  
  Γ¿» credit balance sync on transaction settled                                                       0.20s  
  Γ£ô credit sync service validate eligibility                                                         0.04s  
  Γ£ô credit sync service validate consistency                                                         0.06s  
  Γ£ô credit transaction cannot exceed limit                                                           0.06s  
  Γ¿» dp reduces credit usage                                                                          0.11s  
  ΓöÇΓöÇΓöÇΓöÇΓöÇΓöÇΓöÇΓöÇΓöÇΓöÇΓöÇΓöÇΓöÇΓöÇΓöÇΓöÇΓöÇΓöÇΓöÇΓöÇΓöÇΓöÇΓöÇΓöÇΓöÇΓöÇΓöÇΓöÇΓöÇΓöÇΓöÇΓöÇΓöÇΓöÇΓöÇΓöÇΓöÇΓöÇΓöÇΓöÇΓöÇΓöÇΓöÇΓöÇΓöÇΓöÇΓöÇΓöÇΓöÇΓöÇΓöÇΓöÇΓöÇΓöÇΓöÇΓöÇΓöÇΓöÇΓöÇΓöÇΓöÇΓöÇΓöÇΓöÇΓöÇΓöÇΓöÇΓöÇΓöÇΓöÇΓöÇΓöÇΓöÇΓöÇΓöÇΓöÇΓöÇΓöÇΓöÇΓöÇΓöÇΓöÇΓöÇΓöÇΓöÇΓöÇΓöÇΓöÇΓöÇΓöÇΓöÇΓöÇΓöÇΓöÇΓöÇΓöÇΓöÇΓöÇΓöÇΓöÇΓöÇΓöÇΓöÇΓöÇ  
   FAILED  Tests\Feature\CreditValidationTest > credit balance sync on transaction settled                  
  Failed asserting that 4000000.0 matches expected 5000000.

  at tests\Feature\CreditValidationTest.php:190
    186Γûò 
    187Γûò         $pelanggan->refresh();
    188Γûò 
    189Γûò         // Credit limit should be restored
  Γ₧£ 190Γûò         $this->assertEquals(5000000, (float) $pelanggan->credit_limit);
    191Γûò 
    192Γûò         // Saldo kredit should be reduced
    193Γûò         $this->assertEquals(0, (float) $pelanggan->saldo_kredit);
    194Γûò     }

  1   tests\Feature\CreditValidationTest.php:190

  ΓöÇΓöÇΓöÇΓöÇΓöÇΓöÇΓöÇΓöÇΓöÇΓöÇΓöÇΓöÇΓöÇΓöÇΓöÇΓöÇΓöÇΓöÇΓöÇΓöÇΓöÇΓöÇΓöÇΓöÇΓöÇΓöÇΓöÇΓöÇΓöÇΓöÇΓöÇΓöÇΓöÇΓöÇΓöÇΓöÇΓöÇΓöÇΓöÇΓöÇΓöÇΓöÇΓöÇΓöÇΓöÇΓöÇΓöÇΓöÇΓöÇΓöÇΓöÇΓöÇΓöÇΓöÇΓöÇΓöÇΓöÇΓöÇΓöÇΓöÇΓöÇΓöÇΓöÇΓöÇΓöÇΓöÇΓöÇΓöÇΓöÇΓöÇΓöÇΓöÇΓöÇΓöÇΓöÇΓöÇΓöÇΓöÇΓöÇΓöÇΓöÇΓöÇΓöÇΓöÇΓöÇΓöÇΓöÇΓöÇΓöÇΓöÇΓöÇΓöÇΓöÇΓöÇΓöÇΓöÇΓöÇΓöÇΓöÇΓöÇΓöÇΓöÇΓöÇΓöÇ  
   FAILED  Tests\Feature\CreditValidationTest > dp reduces credit usage                                     
  Failed asserting that 0.0 matches expected 4300000.

  at tests\Feature\CreditValidationTest.php:342
    338Γûò         // Kredit yang digunakan = 1000000 - 300000 = 700000
    339Γûò         $this->assertEquals(700000, (float) $pelanggan->saldo_kredit);
    340Γûò 
    341Γûò         // Available limit = 5000000 - 700000 = 4300000
  Γ₧£ 342Γûò         $this->assertEquals(4300000, (float) $pelanggan->credit_limit);
    343Γûò     }
    344Γûò }
    345Γûò

  1   tests\Feature\CreditValidationTest.php:342


  Tests:    2 failed, 6 passed (20 assertions)
  Duration: 2.41s

